global:
  application:
    product: myproduct
    environment: test
    version: "0.0.0"

  applicationImage:
    repository: "bitnami/ruby"

component: webserver

deployment:
  availability: critical
  resources: high
  placement: on_demand
  replicas: 3