global:
  application:
    product: myproduct
    environment: test
    version: "0.0.0"

  applicationImage:
    repository: "bitnami/ruby"

component: webserver
availability: high
resources: normal
placement: spot

deployment:
  replicas: 2

probes:
  enabled: true
