global:
  application:
    product: myproduct
    environment: test
    version: "0.0.0"

  applicationImage:
    repository: "bitnami/ruby"

component: webserver

deployment:
  availability: irrelevant
  placement: mixed
  resources: low
  replicas: 2