---
# Source: application-mesh/templates/envoy-filter.yaml
apiVersion: networking.istio.io/v1alpha3
kind: EnvoyFilter
metadata:
  name: leads-broker-webserver
spec:
  workloadSelector:
    labels:
      istio: ingress-public-gateway
  configPatches:
  - applyTo: HTTP_FILTER
    match:
      context: SIDECAR_INBOUND
    patch:
      operation: INSERT_BEFORE
      value:
        name: envoy.filters.http.buffer
        typed_config:
          '@type': type.googleapis.com/envoy.extensions.filters.http.buffer.v3.Buffer
          max_request_bytes: 67108864