global:
  application:
    product: leads-broker
    environment: test
    version: "0.0.0"

destinations:
  - component: webserver

ingress:
  - host: leads-broker-st1.matic.com
    gateway: external
    destination: webserver

  - host: leads-broker-st1-tls.matic.com
    gateway: external
    destination: webserver
    min_protocol_version: TLSV1_1
    cipher_list: ["ECDHE-RSA-AES128-SHA", "ECDHE-RSA-AES256-SHA", "AES128-SHA", "AES256-SHA"]

  - host: leads-broker-st1.matic.link
    gateway: internal
    destination: webserver
