---
# Source: application-mesh/templates/virtual-service.yaml
apiVersion: networking.istio.io/v1beta1
kind: VirtualService
metadata:
  name: leads-broker-webserver
spec:
  hosts:
    - leads-broker-webserver.app-component-test00000.svc.cluster.local
  gateways:
    - mesh
  http:
    - name: allow-all-locations
      route:
        - destination:
            host: leads-broker-webserver.app-component-test00000.svc.cluster.local
            subset: default
---
# Source: application-mesh/templates/virtual-service.yaml
apiVersion: networking.istio.io/v1beta1
kind: VirtualService
metadata:
  name: leads-broker-83d909aa
  annotations:
    external-dns.alpha.kubernetes.io/hostname: "leads-broker-st1.matic.com"
spec:
  hosts:
    - leads-broker-st1.matic.com
  gateways:
    - istio-ingress/external-matic-com
  http:
    - name: deny-ingress-spec
      match:
        - uri:
            prefix: /admin
      directResponse:
        status: 403
        body:
          string: Access Denied
    - name: allow-ingress-spec
      match:
        - uri:
            prefix: /api
        - uri:
            prefix: /public
      route:
        - destination:
            host: leads-broker-webserver.app-component-test00000.svc.cluster.local
            subset: default
    - name: deny-everything-except-allowed
      directResponse:
        status: 403
        body:
          string: Access Denied