---
# Source: application-mesh/templates/service-entry.yaml
apiVersion: networking.istio.io/v1beta1
kind: ServiceEntry
metadata:
  name: leads-broker-leads-broker-db
spec:
  hosts:
    - lead-broker-staging.aws.db
  ports:
    - name: postgres
      number: 5432
      protocol: TCP
  location: MESH_EXTERNAL
  resolution: DNS
---
# Source: application-mesh/templates/service-entry.yaml
apiVersion: networking.istio.io/v1beta1
kind: ServiceEntry
metadata:
  name: leads-broker-leads-broker-redis
spec:
  hosts:
    - lead-broker-staging.aws.redis
  ports:
    - name: redis
      number: 6379
      protocol: TCP
  location: MESH_EXTERNAL
  resolution: DNS
---
# Source: application-mesh/templates/service-entry.yaml
apiVersion: networking.istio.io/v1beta1
kind: ServiceEntry
metadata:
  name: leads-broker-some-external-website
spec:
  hosts:
    - api.lob.com
    - auth.lob.com
  ports:
    - name: https
      number: 443
      protocol: TLS
  location: MESH_EXTERNAL
  resolution: DNS