global:
  application:
    product: leads-broker
    environment: test
    version: "0.0.0"

  mesh:
    enabled: false
