---
# Source: application-mesh/templates/destination-rule.yaml
apiVersion: networking.istio.io/v1beta1
kind: DestinationRule
metadata:
  name: leads-broker-webserver
spec:
  host: leads-broker-webserver.app-component-test00000.svc.cluster.local
  trafficPolicy:
    loadBalancer:
      simple: LEAST_REQUEST
  subsets:
    - name: all-versions # Route traffic to all pods regardless of the deployed version. Current deployment model.
      labels:
        app.kubernetes.io/instance: leads-broker-webserver
    - name: current-version # Should be used for proper blue-green deployment procedures
      labels:
        app.kubernetes.io/instance: leads-broker-webserver
        app.kubernetes.io/version: "release-2023-08-30-02"
---
# Source: application-mesh/templates/service-entry.yaml
apiVersion: networking.istio.io/v1beta1
kind: ServiceEntry
metadata:
  name: leads-broker-db
spec:
  hosts:
    - leads-broker-staging.aws.db
  ports:
    - name: postgres
      number: 5432
      protocol: TCP
  location: MESH_EXTERNAL
  resolution: DNS
---
# Source: application-mesh/templates/service-entry.yaml
apiVersion: networking.istio.io/v1beta1
kind: ServiceEntry
metadata:
  name: datalot
spec:
  hosts:
    - datalot.com
  ports:
    - name: https
      number: 443
      protocol: TLS
  location: MESH_EXTERNAL
  resolution: DNS
---
# Source: application-mesh/templates/virtual-service.yaml
apiVersion: networking.istio.io/v1beta1
kind: VirtualService
metadata:
  name: leads-broker-webserver
spec:
  hosts:
    - leads-broker-webserver.app-component-test00000.svc.cluster.local
  gateways:
    - mesh
  http:
    - name: allow-all-locations
      route:
        - destination:
            host: leads-broker-webserver.app-component-test00000.svc.cluster.local
            subset: all-versions
          headers:
            request:
              add:
                "x-request-start": "t=%START_TIME(%s.%3f)%"
---
# Source: application-mesh/templates/virtual-service.yaml
apiVersion: networking.istio.io/v1beta1
kind: VirtualService
metadata:
  name: leads-broker-83e409ab
  annotations:
    external-dns.alpha.kubernetes.io/hostname: "leads-broker-st2.matic.com"
    external-dns.alpha.kubernetes.io/ttl: "60"
spec:
  hosts:
    - leads-broker-st2.matic.com
  gateways:
    - istio-ingress/wildcard-matic-com
  http:
    - name: deny-ingress-spec
      match:
        - uri:
            prefix: /admin
      directResponse:
        status: 403
        body:
          string: Access Denied
    - name: allow-all-locations
      route:
        - destination:
            host: leads-broker-webserver.app-component-test00000.svc.cluster.local
            subset: all-versions
          headers:
            request:
              add:
                "x-request-start": "t=%START_TIME(%s.%3f)%"
---
# Source: application-mesh/templates/virtual-service.yaml
apiVersion: networking.istio.io/v1beta1
kind: VirtualService
metadata:
  name: leads-broker-8e0e0a1a
  annotations:
    external-dns.alpha.kubernetes.io/hostname: "leads-broker-st2.matic.link"
    external-dns.alpha.kubernetes.io/ttl: "60"
spec:
  hosts:
    - leads-broker-st2.matic.link
  gateways:
    - istio-ingress/wildcard-matic-link
  http:
    - name: allow-all-locations
      route:
        - destination:
            host: leads-broker-webserver.app-component-test00000.svc.cluster.local
            subset: all-versions
          headers:
            request:
              add:
                "x-request-start": "t=%START_TIME(%s.%3f)%"