---
# Source: application-mesh/templates/destination-rule.yaml
apiVersion: networking.istio.io/v1beta1
kind: DestinationRule
metadata:
  name: leads-broker-webserver
  labels:
    app.kubernetes.io/part-of: leads-broker
    app.kubernetes.io/version: "release-2023-08-30-01"
spec:
  host: leads-broker-webserver.app-component-test00000.svc.cluster.local
  trafficPolicy:
    loadBalancer:
      simple: LEAST_REQUEST
  subsets:
    - name: all-versions # Route traffic to all pods regardless of the deployed version. Current deployment model.
      labels:
        app.kubernetes.io/instance: leads-broker-webserver
    - name: current-version # Should be used for proper blue-green deployment procedures
      labels:
        app.kubernetes.io/instance: leads-broker-webserver
        app.kubernetes.io/version: "release-2023-08-30-01"
---
# Source: application-mesh/templates/destination-rule.yaml
apiVersion: networking.istio.io/v1beta1
kind: DestinationRule
metadata:
  name: leads-broker-websockets
  labels:
    app.kubernetes.io/part-of: leads-broker
    app.kubernetes.io/version: "release-2023-08-30-01"
spec:
  host: leads-broker-websockets.app-component-test00000.svc.cluster.local
  trafficPolicy:
    loadBalancer:
      simple: LEAST_REQUEST
  subsets:
    - name: all-versions # Route traffic to all pods regardless of the deployed version. Current deployment model.
      labels:
        app.kubernetes.io/instance: leads-broker-websockets
    - name: current-version # Should be used for proper blue-green deployment procedures
      labels:
        app.kubernetes.io/instance: leads-broker-websockets
        app.kubernetes.io/version: "release-2023-08-30-01"
---
# Source: application-mesh/templates/service-entry.yaml
apiVersion: networking.istio.io/v1beta1
kind: ServiceEntry
metadata:
  name: leads-broker-db
  labels:
    app.kubernetes.io/part-of: leads-broker
    app.kubernetes.io/version: "release-2023-08-30-01"
spec:
  hosts:
    - amp-staging.aws.db
  ports:
    - name: postgres
      number: 5432
      protocol: TCP
  location: MESH_EXTERNAL
  resolution: DNS
---
# Source: application-mesh/templates/service-entry.yaml
apiVersion: networking.istio.io/v1beta1
kind: ServiceEntry
metadata:
  name: leads-broker-redis
  labels:
    app.kubernetes.io/part-of: leads-broker
    app.kubernetes.io/version: "release-2023-08-30-01"
spec:
  hosts:
    - amp-staging.aws.redis
  ports:
    - name: redis
      number: 6379
      protocol: TCP
  location: MESH_EXTERNAL
  resolution: DNS
---
# Source: application-mesh/templates/service-entry.yaml
apiVersion: networking.istio.io/v1beta1
kind: ServiceEntry
metadata:
  name: ams-360
  labels:
    app.kubernetes.io/part-of: leads-broker
    app.kubernetes.io/version: "release-2023-08-30-01"
spec:
  hosts:
    - ams-360.vertafore.com
    - policies.vertafore.com
  ports:
    - name: https
      number: 443
      protocol: TLS
  location: MESH_EXTERNAL
  resolution: DNS
---
# Source: application-mesh/templates/virtual-service.gateway.yaml
apiVersion: networking.istio.io/v1beta1
kind: VirtualService
metadata:
  name: leads-broker-52ce0794
  annotations:
    external-dns.alpha.kubernetes.io/hostname: "admin-st1.matic.com, broker-st1.matic.com, api-amp-st1.matic.com"
    external-dns.alpha.kubernetes.io/ttl: "60"
  labels:
    app.kubernetes.io/part-of: leads-broker
    app.kubernetes.io/version: "release-2023-08-30-01"
spec:
  hosts:
    - "admin-st1.matic.com"
    - "broker-st1.matic.com"
    - "api-amp-st1.matic.com"
  gateways:
    - istio-ingress/private-matic-com
  http:
    - name: deny-ingress-spec
      match:
        - uri:
            prefix: /uploads/document
      directResponse:
        status: 403
        body:
          string: Access Denied
    - name: allow-all-locations
      route:
        - destination:
            host: "leads-broker-webserver.app-component-test00000.svc.cluster.local"
            subset: all-versions
          headers:
            request:
              add:
                "x-request-start": "t=%START_TIME(%s.%3f)%"
---
# Source: application-mesh/templates/virtual-service.gateway.yaml
apiVersion: networking.istio.io/v1beta1
kind: VirtualService
metadata:
  name: leads-broker-6670087e
  annotations:
    external-dns.alpha.kubernetes.io/hostname: "ams360-st1.matic.com, scim-st1.matic.com, mailgun-st1.matic.com, amp-twilio-st1.matic.com, amp-hooks-st1.matic.com"
    external-dns.alpha.kubernetes.io/ttl: "60"
  labels:
    app.kubernetes.io/part-of: leads-broker
    app.kubernetes.io/version: "release-2023-08-30-01"
spec:
  hosts:
    - "ams360-st1.matic.com"
    - "scim-st1.matic.com"
    - "mailgun-st1.matic.com"
    - "amp-twilio-st1.matic.com"
    - "amp-hooks-st1.matic.com"
  gateways:
    - istio-ingress/public-matic-com
  http:
    - name: allow-ingress-spec
      match:
        - uri:
            prefix: /api/ams360/notification_events
        - uri:
            prefix: /scim/v2
        - uri:
            prefix: /api/mailgun/docusign_envelope
        - uri:
            prefix: /api/twilio
        - uri:
            prefix: /api/zendesk
      route:
        - destination:
            host: "leads-broker-webserver.app-component-test00000.svc.cluster.local"
            subset: all-versions
          headers:
            request:
              add:
                "x-request-start": "t=%START_TIME(%s.%3f)%"
    - name: deny-everything-except-allowed
      directResponse:
        status: 403
        body:
          string: Access Denied
---
# Source: application-mesh/templates/virtual-service.gateway.yaml
apiVersion: networking.istio.io/v1beta1
kind: VirtualService
metadata:
  name: leads-broker-ca030c53
  annotations:
    external-dns.alpha.kubernetes.io/hostname: "ws-broker-st1.maticinsurance.com"
    external-dns.alpha.kubernetes.io/ttl: "60"
  labels:
    app.kubernetes.io/part-of: leads-broker
    app.kubernetes.io/version: "release-2023-08-30-01"
spec:
  hosts:
    - "ws-broker-st1.maticinsurance.com"
  gateways:
    - istio-ingress/private-matic-com
  http:
    - name: allow-all-locations
      route:
        - destination:
            host: "leads-broker-websockets.app-component-test00000.svc.cluster.local"
            subset: all-versions
          headers:
            request:
              add:
                "x-request-start": "t=%START_TIME(%s.%3f)%"
---
# Source: application-mesh/templates/virtual-service.mesh.yaml
apiVersion: networking.istio.io/v1beta1
kind: VirtualService
metadata:
  name: leads-broker-webserver
  labels:
    app.kubernetes.io/part-of: leads-broker
    app.kubernetes.io/version: "release-2023-08-30-01"
spec:
  hosts:
    - "leads-broker-webserver.app-component-test00000.svc.cluster.local"
  gateways:
    - mesh
  http:
    - name: allow-all-locations
      route:
        - destination:
            host: "leads-broker-webserver.app-component-test00000.svc.cluster.local"
            subset: all-versions
          headers:
            request:
              add:
                "x-request-start": "t=%START_TIME(%s.%3f)%"
---
# Source: application-mesh/templates/virtual-service.mesh.yaml
apiVersion: networking.istio.io/v1beta1
kind: VirtualService
metadata:
  name: leads-broker-websockets
  labels:
    app.kubernetes.io/part-of: leads-broker
    app.kubernetes.io/version: "release-2023-08-30-01"
spec:
  hosts:
    - "leads-broker-websockets.app-component-test00000.svc.cluster.local"
  gateways:
    - mesh
  http:
    - name: allow-all-locations
      route:
        - destination:
            host: "leads-broker-websockets.app-component-test00000.svc.cluster.local"
            subset: all-versions
          headers:
            request:
              add:
                "x-request-start": "t=%START_TIME(%s.%3f)%"