
---
# Source: application-migration/templates/job.yaml
apiVersion: batch/v1
kind: Job
metadata:
  name: olb-migration
  labels:
    app.kubernetes.io/name: olb
    app.kubernetes.io/instance: olb-migration
    app.kubernetes.io/managed-by: Helm
    app.kubernetes.io/component: migration
    app.kubernetes.io/part-of: olb
    app.kubernetes.io/version: "release-1.2.3"
    tags.datadoghq.com/env: production
    tags.datadoghq.com/service: olb
    tags.datadoghq.com/version: "release-1.2.3"
  annotations:
    "helm.sh/hook": pre-install,pre-upgrade
    "helm.sh/hook-delete-policy": before-hook-creation
spec:
  backoffLimit: 0
  template:
    metadata:
      annotations:
        rollme: "123abc"
        inject.istio.io/templates: sidecar,datadog-ust
        ad.datadoghq.com/olb-migration.logs: '[{"source": "ruby"}]'
        ad.datadoghq.com/istio-proxy.logs: '[{"source": "envoy"}]'
        ad.datadoghq.com/istio-proxy.checks: |
          {
            "envoy": {
              "init_config": {},
              "instances": [{
                  "openmetrics_endpoint": "http://%%host%%:15090/stats/prometheus"
              }]
            }
          }
      labels:
        app.kubernetes.io/name: olb
        app.kubernetes.io/instance: olb-migration
        app.kubernetes.io/component: migration
        tags.datadoghq.com/env: production
        tags.datadoghq.com/service: olb
        tags.datadoghq.com/version: "release-1.2.3"
        sidecar.istio.io/inject: "true"
    spec:
      serviceAccountName: olb
      dnsPolicy: ClusterFirst
      dnsConfig:
        options:
        - name: ndots
          value: "1"
      terminationGracePeriodSeconds: 30
      restartPolicy: Never
      securityContext:
        fsGroup: 1000
        runAsUser: 1000
      containers:
        - name: olb-migration
          image: "matic/olb:release-1.2.3"
          command:
            - "sh"
            - "-c"
            - |
              until wget --quiet --spider -o /dev/null http://localhost:15020/healthz/ready; do echo 'Waiting for Istio...'; sleep 1; done; echo 'Istio ready. Running the command...';
              rails db:setup db:migrate;
              x=$(echo $?);
              echo 'Application finished. Telling Istio to exit'; wget --quiet --post-data 'exit' -o /dev/null http://localhost:15020/quitquitquit;
              exit $x
          imagePullPolicy: IfNotPresent
          env:
            - name: DD_AGENT_HOST
              valueFrom:
                fieldRef:
                  fieldPath: status.hostIP
            - name: DD_TRACE_AGENT_PORT
              value: "8126"
            - name: DD_DOGSTATSD_PORT
              value: "8125"
            - name: DD_ENV
              valueFrom:
                fieldRef:
                  fieldPath: metadata.labels['tags.datadoghq.com/env']
            - name: DD_SERVICE
              valueFrom:
                fieldRef:
                  fieldPath: metadata.labels['tags.datadoghq.com/service']
            - name: DD_VERSION
              valueFrom:
                fieldRef:
                  fieldPath: metadata.labels['tags.datadoghq.com/version']
            - name: DD_ENTITY_ID
              valueFrom:
                fieldRef:
                  fieldPath: metadata.uid
            - name: DD_TAGS
              value: "product:olb,element:migration"
            - name: DD_POD_NAME
              valueFrom:
                fieldRef:
                  fieldPath: metadata.name
            - name: SENTRY_RELEASE
              value: "olb-release-1.2.3"
            - name: SENTRY_ENVIRONMENT
              value: production
          envFrom:
            - secretRef:
                name: olb-configs-environment
          volumeMounts:
            - name: dynamic-sa-token
              mountPath: /var/run/secrets/tokens
              readOnly: true
            - name: olb-configs-migration
              mountPath: "/app/config/app_settings.local.yml"
              subPath: "app_settings"
              readOnly: true
          resources:
            limits:
              cpu: 900m
              memory: 1500Mi
            requests:
              cpu: 300m
              memory: 500Mi
      volumes:
        - name: dynamic-sa-token
          projected:
            sources:
              - serviceAccountToken:
                  path: dynamic-sa-token
                  expirationSeconds: 600
        - name: olb-configs-migration
          secret:
            secretName: olb-configs-migration