enabled: true
product: webserver-test
environment: production
version: 1.2.3

image:
  repository: matic/helm-charts:release-01-01-23-25

websocket:
  enabled: true
  command: "bundle exec puma -t 8:8"
  replicaCount: 2
  port: 9292
  resources:
    requests:
      memory: 200Mi
      cpu: 100m
    limits:
      memory: 700Mi
      cpu: 300m
  startupProbe:
    enabled: false
  readinessProbe:
    enabled: false
  livenessProbe:
    enabled: false
  autoscaling:
    enabled: false
  lifecycle:
    enabled: true
    hooks:
      preStop:
        exec:
          command: ["/bin/sh","-c","sleep 20"]