---
# Source: rails/templates/deployment-webserver.yaml
apiVersion: apps/v1
kind: Deployment
metadata:
  name: webserver-test-rails-webserver
  labels:
    app: webserver-test-rails-webserver
    app.kubernetes.io/name: webserver-test-rails
    app.kubernetes.io/instance: rails-test
    app.kubernetes.io/managed-by: Helm
    app.kubernetes.io/version: release-01-01-23-25
    environment: production
    product: webserver-test
spec:
  replicas: 2
  selector:
    matchLabels:
      app: webserver-test-rails-webserver
      app.kubernetes.io/name: webserver-test-rails
      app.kubernetes.io/instance: rails-test
      environment: production
      product: webserver-test
  minReadySeconds: 1
  progressDeadlineSeconds: 120
  revisionHistoryLimit: 5
  strategy:
    type: RollingUpdate
  template:
    metadata:
      labels:
        app: webserver-test-rails-webserver
        app.kubernetes.io/name: webserver-test-rails
        app.kubernetes.io/instance: rails-test
        app.kubernetes.io/managed-by: Helm
        app.kubernetes.io/version: release-01-01-23-25
        environment: production
        product: webserver-test
      annotations:
        rollme: "123abc"
    spec:
      containers:
      - name: webserver-test-rails-webserver
        image: matic/helm-charts:release-01-01-23-25
        imagePullPolicy: IfNotPresent
        command: ["sh","-c","bundle exec puma -t 8:8"]
        ports:
        - containerPort: 9292
        env:
        - name: SENTRY_RELEASE
          value: "webserver-test-release-01-01-23-25"
        - name: PORT
          value: "9292"
        - name: TEST
          value: VALUE
        startupProbe:
          httpGet:
            path: /healthz/webserver
            port: 9292
          initialDelaySeconds: 5
          timeoutSeconds: 5
          periodSeconds: 15
          successThreshold: 1
          failureThreshold: 20
        readinessProbe:
          httpGet:
            path: /healthz/webserver
            port: 9292
          initialDelaySeconds: 10
          timeoutSeconds: 10
          periodSeconds: 30
          successThreshold: 1
          failureThreshold: 10
        livenessProbe:
          httpGet:
            path: /healthz/webserver
            port: 9292
          initialDelaySeconds: 20
          timeoutSeconds: 20
          periodSeconds: 60
          successThreshold: 1
          failureThreshold: 10
        resources:
          limits:
            cpu: 300m
            memory: 700Mi
          requests:
            cpu: 100m
            memory: 200Mi
      dnsPolicy: ClusterFirst
      terminationGracePeriodSeconds: 30
      securityContext:
        fsGroup: 100
        runAsUser: 100
---
# Source: rails/templates/service-webserver.yaml
apiVersion: v1
kind: Service
metadata:
  name: webserver-test-rails
  labels:
    app: webserver-test-rails-webserver
    app.kubernetes.io/name: webserver-test-rails
    app.kubernetes.io/instance: rails-test
    app.kubernetes.io/managed-by: Helm
    app.kubernetes.io/version: release-01-01-23-25
    environment: production
    product: webserver-test
  annotations:
    {}
spec:
  type: ClusterIP
  ports:
  - port: 9292
    targetPort: 9292
    protocol: TCP
  selector:
    app: webserver-test-rails-webserver
    app.kubernetes.io/name: webserver-test-rails
    app.kubernetes.io/instance: rails-test
    environment: production
    product: webserver-test