global:
  application:
    product: myproduct
    environment: test
    version: "0.0.0"

  applicationImage:
    repository: "bitnami/ruby"

job:
  resources:
    requests:
      memory: 256Mi
      cpu: 200m
    limits:
      memory: 512Mi
      cpu: 400m

  nodeSelector:
    disktype: ssd

  tolerations:
    - key: "key1"
      operator: "Equal"
      value: "value1"
      effect: "NoSchedule"
    - key: "key2"
      operator: "Equal"
      value: "value2"
      effect: "NoExecute"

  affinity:
    nodeAffinity:
      requiredDuringSchedulingIgnoredDuringExecution:
        nodeSelectorTerms:
          - matchExpressions:
              - key: topology.kubernetes.io/zone
                operator: In
                values:
                  - antarctica-east1
                  - antarctica-west1
      preferredDuringSchedulingIgnoredDuringExecution:
        - weight: 1
          preference:
            matchExpressions:
              - key: another-node-label-key
                operator: In
                values:
                  - another-node-label-value

  topologySpreadConstraints:
    - maxSkew: 1
      topologyKey: lifecycle
      whenUnsatisfiable: DoNotSchedule
      labelSelector:
        matchLabels:
          app.kubernetes.io/instance: myproduct-webserver
