global:
  application:
    product: myproduct
    environment: test
    version: "1.2.3"

  applicationImage:
    repository: matic/olb
    pullPolicy: Always
    pullSecret: docker-login

component: webserver

applicationImage:
  repository: nginx
  tag: 2.3
