global:
  application:
    product: myproduct
    environment: test
    version: "0.0.0"

  applicationImage:
    repository: "bitnami/ruby"

component: webserver

service:
  enabled: true
  port: 9292
