global:
  application:
    product: myproduct
    environment: test
    version: "0.0.0"

  applicationImage:
    repository: "bitnami/ruby"

component: webserver

serviceAccount:
  create: true
  name: test-account