---
# Source: application-mesh/templates/destination-rule.yaml
apiVersion: networking.istio.io/v1beta1
kind: DestinationRule
metadata:
  name: leads-broker-webserver
spec:
  host: leads-broker-webserver.app-component-test00000.svc.cluster.local
  trafficPolicy:
    connectionPool:
      tcp:
        maxConnections: 200
        connectTimeout: 5s
    loadBalancer:
      simple: LEAST_REQUEST
  subsets:
    - name: all-versions # Route traffic to all pods regardless of the deployed version. Current deployment model.
      labels:
        app.kubernetes.io/instance: leads-broker-webserver
    - name: current-version # Should be used for proper blue-green deployment procedures
      labels:
        app.kubernetes.io/instance: leads-broker-webserver
        app.kubernetes.io/version: "0.1.0"
---
# Source: application-mesh/templates/virtual-service.yaml
apiVersion: networking.istio.io/v1beta1
kind: VirtualService
metadata:
  name: leads-broker-webserver
spec:
  hosts:
    - leads-broker-webserver.app-component-test00000.svc.cluster.local
  gateways:
    - mesh
  http:
    - name: allow-all-locations
      route:
        - destination:
            host: leads-broker-webserver.app-component-test00000.svc.cluster.local
            subset: all-versions
---
# Source: application-mesh/templates/virtual-service.yaml
apiVersion: networking.istio.io/v1beta1
kind: VirtualService
metadata:
  name: leads-broker-2455050f
  annotations:
    external-dns.alpha.kubernetes.io/hostname: "myhost1.local"
spec:
  hosts:
    - myhost1.local
  gateways:
    - istio-ingress/external
  http:
    - name: deny-ingress-spec
      match:
        - uri:
            prefix: /admin
        - uri:
            prefix: /internal_api
        - uri:
            prefix: /etc
      directResponse:
        status: 403
        body:
          string: Access Denied
    - name: allow-ingress-spec
      match:
        - uri:
            prefix: /api
        - uri:
            prefix: /upload
      route:
        - destination:
            host: leads-broker-webserver.app-component-test00000.svc.cluster.local
            subset: all-versions
    - name: deny-everything-except-allowed
      directResponse:
        status: 403
        body:
          string: Access Denied